Ford and Geely Reshape Global Automotive Procurement => [ [32m'Ford'[39m, [32m'Geely'[39m ]
Ford and Geely to pool production in Valencia => [ [32m'Ford'[39m, [32m'Geely'[39m ]
Ford and Geely join forces in Spain to launch new joint venture and co-developed models => [ [32m'Ford'[39m, [32m'Geely'[39m ]
Ford and Geely Form Groundbreaking European Manufacturing Joint Venture at Valencia Plant => [ [32m'Ford'[39m, [32m'Geely'[39m ]
Pearl Global Builds a Future-Ready Global Manufacturing Network => [ [32m'Pearl Global'[39m ]
BeOne Medicines Plans $300M NJ Expansion => [ [32m'BeOne Medicines'[39m ]
